---
source: src/auth/psk.rs
expression: mac
---
[
    47,
    28,
    60,
    72,
    246,
    35,
    161,
    53,
    79,
    51,
    168,
    199,
    138,
    193,
    39,
    166,
    193,
    190,
    39,
    23,
    120,
    87,
    43,
    16,
    251,
    217,
    70,
    144,
    205,
    127,
    204,
    132,
]
