---
source: src/auth/psk.rs
expression: mac
---
[
    18,
    80,
    198,
    161,
    81,
    80,
    23,
    52,
    111,
    135,
    233,
    1,
    36,
    88,
    46,
    123,
    137,
    14,
    138,
    92,
    59,
    3,
    207,
    173,
    38,
    255,
    176,
    182,
    197,
    198,
    139,
    85,
]
